exports[`Dropdown renders correctly 1`] = `
"html
  body
    button
    .uk-dropdown(style=\'display: none;\') Dropdown
"
`;
