exports[`Table Column Default renders correctly 1`] = `
"html
  body
    table.uk-table
      col
      |  
      col
      thead
        tr
      tbody
        tr
        tr
        tr
        tr
        tr
"
`;
