exports[`Tooltip renders correctly 1`] = `
"html
  body
    button
"
`;
